+ wait_for 240 status_misc/control.done
+ local max=240
+ shift
+ local t=0
+ :
+ local ok=1
+ for p in '"$@"'
+ s3has status_misc/control.done
+ aws s3 ls s3://mft-storage-bucket-9l4jkoc0ptuv/status_misc/control.done
+ ok=0
+ [[ 0 == 1 ]]
+ ((  t >= max  ))
+ sleep 120
+ t=2
+ :
+ local ok=1
+ for p in '"$@"'
+ s3has status_misc/control.done
+ aws s3 ls s3://mft-storage-bucket-9l4jkoc0ptuv/status_misc/control.done
+ ok=0
+ [[ 0 == 1 ]]
+ ((  t >= max  ))
+ sleep 120
+ t=4
+ :
+ local ok=1
+ for p in '"$@"'
+ s3has status_misc/control.done
+ aws s3 ls s3://mft-storage-bucket-9l4jkoc0ptuv/status_misc/control.done
+ ok=0
+ [[ 0 == 1 ]]
+ ((  t >= max  ))
+ sleep 120
+ t=6
+ :
+ local ok=1
+ for p in '"$@"'
+ s3has status_misc/control.done
+ aws s3 ls s3://mft-storage-bucket-9l4jkoc0ptuv/status_misc/control.done
+ ok=0
+ [[ 0 == 1 ]]
+ ((  t >= max  ))
+ sleep 120
+ t=8
+ :
+ local ok=1
+ for p in '"$@"'
+ s3has status_misc/control.done
+ aws s3 ls s3://mft-storage-bucket-9l4jkoc0ptuv/status_misc/control.done
+ ok=0
+ [[ 0 == 1 ]]
+ ((  t >= max  ))
+ sleep 120
+ t=10
+ :
+ local ok=1
+ for p in '"$@"'
+ s3has status_misc/control.done
+ aws s3 ls s3://mft-storage-bucket-9l4jkoc0ptuv/status_misc/control.done
+ ok=0
+ [[ 0 == 1 ]]
+ ((  t >= max  ))
+ sleep 120
+ t=12
+ :
+ local ok=1
+ for p in '"$@"'
+ s3has status_misc/control.done
+ aws s3 ls s3://mft-storage-bucket-9l4jkoc0ptuv/status_misc/control.done
+ ok=0
+ [[ 0 == 1 ]]
+ ((  t >= max  ))
+ sleep 120
+ t=14
+ :
+ local ok=1
+ for p in '"$@"'
+ s3has status_misc/control.done
+ aws s3 ls s3://mft-storage-bucket-9l4jkoc0ptuv/status_misc/control.done
+ ok=0
+ [[ 0 == 1 ]]
+ ((  t >= max  ))
+ sleep 120
+ t=16
+ :
+ local ok=1
+ for p in '"$@"'
+ s3has status_misc/control.done
+ aws s3 ls s3://mft-storage-bucket-9l4jkoc0ptuv/status_misc/control.done
+ ok=0
+ [[ 0 == 1 ]]
+ ((  t >= max  ))
+ sleep 120
+ t=18
+ :
+ local ok=1
+ for p in '"$@"'
+ s3has status_misc/control.done
+ aws s3 ls s3://mft-storage-bucket-9l4jkoc0ptuv/status_misc/control.done
+ ok=0
+ [[ 0 == 1 ]]
+ ((  t >= max  ))
+ sleep 120
+ t=20
+ :
+ local ok=1
+ for p in '"$@"'
+ s3has status_misc/control.done
+ aws s3 ls s3://mft-storage-bucket-9l4jkoc0ptuv/status_misc/control.done
+ ok=0
+ [[ 0 == 1 ]]
+ ((  t >= max  ))
+ sleep 120
+ t=22
+ :
+ local ok=1
+ for p in '"$@"'
+ s3has status_misc/control.done
+ aws s3 ls s3://mft-storage-bucket-9l4jkoc0ptuv/status_misc/control.done
+ ok=0
+ [[ 0 == 1 ]]
+ ((  t >= max  ))
+ sleep 120
+ t=24
+ :
+ local ok=1
+ for p in '"$@"'
+ s3has status_misc/control.done
+ aws s3 ls s3://mft-storage-bucket-9l4jkoc0ptuv/status_misc/control.done
+ [[ 1 == 1 ]]
+ return 0
+ log 'control done; starting 7B competence on pod 3'
++ date +%H:%M
+ echo '20:05 control done; starting 7B competence on pod 3'
20:05 control done; starting 7B competence on pod 3
+ push 17094 103.207.149.107
+ rsync -az -e 'ssh -i /Users/andy/.ssh/runpod_mft -p 17094 -o StrictHostKeyChecking=no' src scripts configs root@103.207.149.107:/workspace/moral_posttraining/
+ rsync -az -e 'ssh -i /Users/andy/.ssh/runpod_mft -p 17094 -o StrictHostKeyChecking=no' data/conflict data/agent data/honesty root@103.207.149.107:/workspace/moral_posttraining/data/
+ ssh -n -i /Users/andy/.ssh/runpod_mft -o ConnectTimeout=10 -o StrictHostKeyChecking=no -p 17094 root@103.207.149.107 'cd /workspace/moral_posttraining && tmux new -d -s comp '\''bash scripts/runpod/competence.sh > logs/competence.log 2>&1'\'''
+ wait_for 180 status_misc/competence_7b.done
+ local max=180
+ shift
+ local t=0
+ :
+ local ok=1
+ for p in '"$@"'
+ s3has status_misc/competence_7b.done
+ aws s3 ls s3://mft-storage-bucket-9l4jkoc0ptuv/status_misc/competence_7b.done
+ ok=0
+ [[ 0 == 1 ]]
+ ((  t >= max  ))
+ sleep 120
+ t=2
+ :
+ local ok=1
+ for p in '"$@"'
+ s3has status_misc/competence_7b.done
+ aws s3 ls s3://mft-storage-bucket-9l4jkoc0ptuv/status_misc/competence_7b.done
+ ok=0
+ [[ 0 == 1 ]]
+ ((  t >= max  ))
+ sleep 120
+ t=4
+ :
+ local ok=1
+ for p in '"$@"'
+ s3has status_misc/competence_7b.done
+ aws s3 ls s3://mft-storage-bucket-9l4jkoc0ptuv/status_misc/competence_7b.done
+ ok=0
+ [[ 0 == 1 ]]
+ ((  t >= max  ))
+ sleep 120
+ t=6
+ :
+ local ok=1
+ for p in '"$@"'
+ s3has status_misc/competence_7b.done
+ aws s3 ls s3://mft-storage-bucket-9l4jkoc0ptuv/status_misc/competence_7b.done
+ ok=0
+ [[ 0 == 1 ]]
+ ((  t >= max  ))
+ sleep 120
+ t=8
+ :
+ local ok=1
+ for p in '"$@"'
+ s3has status_misc/competence_7b.done
+ aws s3 ls s3://mft-storage-bucket-9l4jkoc0ptuv/status_misc/competence_7b.done
+ ok=0
+ [[ 0 == 1 ]]
+ ((  t >= max  ))
+ sleep 120
+ t=10
+ :
+ local ok=1
+ for p in '"$@"'
+ s3has status_misc/competence_7b.done
+ aws s3 ls s3://mft-storage-bucket-9l4jkoc0ptuv/status_misc/competence_7b.done
+ ok=0
+ [[ 0 == 1 ]]
+ ((  t >= max  ))
+ sleep 120
+ t=12
+ :
+ local ok=1
+ for p in '"$@"'
+ s3has status_misc/competence_7b.done
+ aws s3 ls s3://mft-storage-bucket-9l4jkoc0ptuv/status_misc/competence_7b.done
+ ok=0
+ [[ 0 == 1 ]]
+ ((  t >= max  ))
+ sleep 120
+ t=14
+ :
+ local ok=1
+ for p in '"$@"'
+ s3has status_misc/competence_7b.done
+ aws s3 ls s3://mft-storage-bucket-9l4jkoc0ptuv/status_misc/competence_7b.done
+ ok=0
+ [[ 0 == 1 ]]
+ ((  t >= max  ))
+ sleep 120
+ t=16
+ :
+ local ok=1
+ for p in '"$@"'
+ s3has status_misc/competence_7b.done
+ aws s3 ls s3://mft-storage-bucket-9l4jkoc0ptuv/status_misc/competence_7b.done
+ ok=0
+ [[ 0 == 1 ]]
+ ((  t >= max  ))
+ sleep 120
+ t=18
+ :
+ local ok=1
+ for p in '"$@"'
+ s3has status_misc/competence_7b.done
+ aws s3 ls s3://mft-storage-bucket-9l4jkoc0ptuv/status_misc/competence_7b.done
+ ok=0
+ [[ 0 == 1 ]]
+ ((  t >= max  ))
+ sleep 120
+ t=20
+ :
+ local ok=1
+ for p in '"$@"'
+ s3has status_misc/competence_7b.done
+ aws s3 ls s3://mft-storage-bucket-9l4jkoc0ptuv/status_misc/competence_7b.done
+ ok=0
+ [[ 0 == 1 ]]
+ ((  t >= max  ))
+ sleep 120
+ t=22
+ :
+ local ok=1
+ for p in '"$@"'
+ s3has status_misc/competence_7b.done
+ aws s3 ls s3://mft-storage-bucket-9l4jkoc0ptuv/status_misc/competence_7b.done
+ ok=0
+ [[ 0 == 1 ]]
+ ((  t >= max  ))
+ sleep 120
+ t=24
+ :
+ local ok=1
+ for p in '"$@"'
+ s3has status_misc/competence_7b.done
+ aws s3 ls s3://mft-storage-bucket-9l4jkoc0ptuv/status_misc/competence_7b.done
+ ok=0
+ [[ 0 == 1 ]]
+ ((  t >= max  ))
+ sleep 120
+ t=26
+ :
+ local ok=1
+ for p in '"$@"'
+ s3has status_misc/competence_7b.done
+ aws s3 ls s3://mft-storage-bucket-9l4jkoc0ptuv/status_misc/competence_7b.done
+ ok=0
+ [[ 0 == 1 ]]
+ ((  t >= max  ))
+ sleep 120
+ t=28
+ :
+ local ok=1
+ for p in '"$@"'
+ s3has status_misc/competence_7b.done
+ aws s3 ls s3://mft-storage-bucket-9l4jkoc0ptuv/status_misc/competence_7b.done
+ ok=0
+ [[ 0 == 1 ]]
+ ((  t >= max  ))
+ sleep 120
+ t=30
+ :
+ local ok=1
+ for p in '"$@"'
+ s3has status_misc/competence_7b.done
+ aws s3 ls s3://mft-storage-bucket-9l4jkoc0ptuv/status_misc/competence_7b.done
+ ok=0
+ [[ 0 == 1 ]]
+ ((  t >= max  ))
+ sleep 120
+ t=32
+ :
+ local ok=1
+ for p in '"$@"'
+ s3has status_misc/competence_7b.done
+ aws s3 ls s3://mft-storage-bucket-9l4jkoc0ptuv/status_misc/competence_7b.done
+ ok=0
+ [[ 0 == 1 ]]
+ ((  t >= max  ))
+ sleep 120
+ t=34
+ :
+ local ok=1
+ for p in '"$@"'
+ s3has status_misc/competence_7b.done
+ aws s3 ls s3://mft-storage-bucket-9l4jkoc0ptuv/status_misc/competence_7b.done
+ ok=0
+ [[ 0 == 1 ]]
+ ((  t >= max  ))
+ sleep 120
+ t=36
+ :
+ local ok=1
+ for p in '"$@"'
+ s3has status_misc/competence_7b.done
+ aws s3 ls s3://mft-storage-bucket-9l4jkoc0ptuv/status_misc/competence_7b.done
+ ok=0
+ [[ 0 == 1 ]]
+ ((  t >= max  ))
+ sleep 120
+ t=38
+ :
+ local ok=1
+ for p in '"$@"'
+ s3has status_misc/competence_7b.done
+ aws s3 ls s3://mft-storage-bucket-9l4jkoc0ptuv/status_misc/competence_7b.done
+ ok=0
+ [[ 0 == 1 ]]
+ ((  t >= max  ))
+ sleep 120
+ t=40
+ :
+ local ok=1
+ for p in '"$@"'
+ s3has status_misc/competence_7b.done
+ aws s3 ls s3://mft-storage-bucket-9l4jkoc0ptuv/status_misc/competence_7b.done
+ ok=0
+ [[ 0 == 1 ]]
+ ((  t >= max  ))
+ sleep 120
+ t=42
+ :
+ local ok=1
+ for p in '"$@"'
+ s3has status_misc/competence_7b.done
+ aws s3 ls s3://mft-storage-bucket-9l4jkoc0ptuv/status_misc/competence_7b.done
+ ok=0
+ [[ 0 == 1 ]]
+ ((  t >= max  ))
+ sleep 120
+ t=44
+ :
+ local ok=1
+ for p in '"$@"'
+ s3has status_misc/competence_7b.done
+ aws s3 ls s3://mft-storage-bucket-9l4jkoc0ptuv/status_misc/competence_7b.done
+ ok=0
+ [[ 0 == 1 ]]
+ ((  t >= max  ))
+ sleep 120
+ t=46
+ :
+ local ok=1
+ for p in '"$@"'
+ s3has status_misc/competence_7b.done
+ aws s3 ls s3://mft-storage-bucket-9l4jkoc0ptuv/status_misc/competence_7b.done
+ ok=0
+ [[ 0 == 1 ]]
+ ((  t >= max  ))
+ sleep 120
+ t=48
+ :
+ local ok=1
+ for p in '"$@"'
+ s3has status_misc/competence_7b.done
+ aws s3 ls s3://mft-storage-bucket-9l4jkoc0ptuv/status_misc/competence_7b.done
+ ok=0
+ [[ 0 == 1 ]]
+ ((  t >= max  ))
+ sleep 120
+ t=50
+ :
+ local ok=1
+ for p in '"$@"'
+ s3has status_misc/competence_7b.done
+ aws s3 ls s3://mft-storage-bucket-9l4jkoc0ptuv/status_misc/competence_7b.done
+ ok=0
+ [[ 0 == 1 ]]
+ ((  t >= max  ))
+ sleep 120
+ t=52
+ :
+ local ok=1
+ for p in '"$@"'
+ s3has status_misc/competence_7b.done
+ aws s3 ls s3://mft-storage-bucket-9l4jkoc0ptuv/status_misc/competence_7b.done
+ ok=0
+ [[ 0 == 1 ]]
+ ((  t >= max  ))
+ sleep 120
+ t=54
+ :
+ local ok=1
+ for p in '"$@"'
+ s3has status_misc/competence_7b.done
+ aws s3 ls s3://mft-storage-bucket-9l4jkoc0ptuv/status_misc/competence_7b.done
+ ok=0
+ [[ 0 == 1 ]]
+ ((  t >= max  ))
+ sleep 120
+ t=56
+ :
+ local ok=1
+ for p in '"$@"'
+ s3has status_misc/competence_7b.done
+ aws s3 ls s3://mft-storage-bucket-9l4jkoc0ptuv/status_misc/competence_7b.done
+ ok=0
+ [[ 0 == 1 ]]
+ ((  t >= max  ))
+ sleep 120
+ t=58
+ :
+ local ok=1
+ for p in '"$@"'
+ s3has status_misc/competence_7b.done
+ aws s3 ls s3://mft-storage-bucket-9l4jkoc0ptuv/status_misc/competence_7b.done
+ ok=0
+ [[ 0 == 1 ]]
+ ((  t >= max  ))
+ sleep 120
+ t=60
+ :
+ local ok=1
+ for p in '"$@"'
+ s3has status_misc/competence_7b.done
+ aws s3 ls s3://mft-storage-bucket-9l4jkoc0ptuv/status_misc/competence_7b.done
+ ok=0
+ [[ 0 == 1 ]]
+ ((  t >= max  ))
+ sleep 120
+ t=62
+ :
+ local ok=1
+ for p in '"$@"'
+ s3has status_misc/competence_7b.done
+ aws s3 ls s3://mft-storage-bucket-9l4jkoc0ptuv/status_misc/competence_7b.done
+ ok=0
+ [[ 0 == 1 ]]
+ ((  t >= max  ))
+ sleep 120
+ t=64
+ :
+ local ok=1
+ for p in '"$@"'
+ s3has status_misc/competence_7b.done
+ aws s3 ls s3://mft-storage-bucket-9l4jkoc0ptuv/status_misc/competence_7b.done
+ ok=0
+ [[ 0 == 1 ]]
+ ((  t >= max  ))
+ sleep 120
+ t=66
+ :
+ local ok=1
+ for p in '"$@"'
+ s3has status_misc/competence_7b.done
+ aws s3 ls s3://mft-storage-bucket-9l4jkoc0ptuv/status_misc/competence_7b.done
+ ok=0
+ [[ 0 == 1 ]]
+ ((  t >= max  ))
+ sleep 120
+ t=68
+ :
+ local ok=1
+ for p in '"$@"'
+ s3has status_misc/competence_7b.done
+ aws s3 ls s3://mft-storage-bucket-9l4jkoc0ptuv/status_misc/competence_7b.done
+ ok=0
+ [[ 0 == 1 ]]
+ ((  t >= max  ))
+ sleep 120
+ t=70
+ :
+ local ok=1
+ for p in '"$@"'
+ s3has status_misc/competence_7b.done
+ aws s3 ls s3://mft-storage-bucket-9l4jkoc0ptuv/status_misc/competence_7b.done
+ ok=0
+ [[ 0 == 1 ]]
+ ((  t >= max  ))
+ sleep 120
+ t=72
+ :
+ local ok=1
+ for p in '"$@"'
+ s3has status_misc/competence_7b.done
+ aws s3 ls s3://mft-storage-bucket-9l4jkoc0ptuv/status_misc/competence_7b.done
+ ok=0
+ [[ 0 == 1 ]]
+ ((  t >= max  ))
+ sleep 120
+ t=74
+ :
+ local ok=1
+ for p in '"$@"'
+ s3has status_misc/competence_7b.done
+ aws s3 ls s3://mft-storage-bucket-9l4jkoc0ptuv/status_misc/competence_7b.done
+ ok=0
+ [[ 0 == 1 ]]
+ ((  t >= max  ))
+ sleep 120
+ t=76
+ :
+ local ok=1
+ for p in '"$@"'
+ s3has status_misc/competence_7b.done
+ aws s3 ls s3://mft-storage-bucket-9l4jkoc0ptuv/status_misc/competence_7b.done
+ ok=0
+ [[ 0 == 1 ]]
+ ((  t >= max  ))
+ sleep 120
+ t=78
+ :
+ local ok=1
+ for p in '"$@"'
+ s3has status_misc/competence_7b.done
+ aws s3 ls s3://mft-storage-bucket-9l4jkoc0ptuv/status_misc/competence_7b.done
+ ok=0
+ [[ 0 == 1 ]]
+ ((  t >= max  ))
+ sleep 120
+ t=80
+ :
+ local ok=1
+ for p in '"$@"'
+ s3has status_misc/competence_7b.done
+ aws s3 ls s3://mft-storage-bucket-9l4jkoc0ptuv/status_misc/competence_7b.done
+ ok=0
+ [[ 0 == 1 ]]
+ ((  t >= max  ))
+ sleep 120
+ t=82
+ :
+ local ok=1
+ for p in '"$@"'
+ s3has status_misc/competence_7b.done
+ aws s3 ls s3://mft-storage-bucket-9l4jkoc0ptuv/status_misc/competence_7b.done
+ ok=0
+ [[ 0 == 1 ]]
+ ((  t >= max  ))
+ sleep 120
+ t=84
+ :
+ local ok=1
+ for p in '"$@"'
+ s3has status_misc/competence_7b.done
+ aws s3 ls s3://mft-storage-bucket-9l4jkoc0ptuv/status_misc/competence_7b.done
+ ok=0
+ [[ 0 == 1 ]]
+ ((  t >= max  ))
+ sleep 120
+ t=86
+ :
+ local ok=1
+ for p in '"$@"'
+ s3has status_misc/competence_7b.done
+ aws s3 ls s3://mft-storage-bucket-9l4jkoc0ptuv/status_misc/competence_7b.done
+ ok=0
+ [[ 0 == 1 ]]
+ ((  t >= max  ))
+ sleep 120
+ t=88
+ :
+ local ok=1
+ for p in '"$@"'
+ s3has status_misc/competence_7b.done
+ aws s3 ls s3://mft-storage-bucket-9l4jkoc0ptuv/status_misc/competence_7b.done
+ ok=0
+ [[ 0 == 1 ]]
+ ((  t >= max  ))
+ sleep 120
+ t=90
+ :
+ local ok=1
+ for p in '"$@"'
+ s3has status_misc/competence_7b.done
+ aws s3 ls s3://mft-storage-bucket-9l4jkoc0ptuv/status_misc/competence_7b.done
+ ok=0
+ [[ 0 == 1 ]]
+ ((  t >= max  ))
+ sleep 120
+ t=92
+ :
+ local ok=1
+ for p in '"$@"'
+ s3has status_misc/competence_7b.done
+ aws s3 ls s3://mft-storage-bucket-9l4jkoc0ptuv/status_misc/competence_7b.done
+ ok=0
+ [[ 0 == 1 ]]
+ ((  t >= max  ))
+ sleep 120
+ t=94
+ :
+ local ok=1
+ for p in '"$@"'
+ s3has status_misc/competence_7b.done
+ aws s3 ls s3://mft-storage-bucket-9l4jkoc0ptuv/status_misc/competence_7b.done
+ ok=0
+ [[ 0 == 1 ]]
+ ((  t >= max  ))
+ sleep 120
+ t=96
+ :
+ local ok=1
+ for p in '"$@"'
+ s3has status_misc/competence_7b.done
+ aws s3 ls s3://mft-storage-bucket-9l4jkoc0ptuv/status_misc/competence_7b.done
+ ok=0
+ [[ 0 == 1 ]]
+ ((  t >= max  ))
+ sleep 120
+ t=98
+ :
+ local ok=1
+ for p in '"$@"'
+ s3has status_misc/competence_7b.done
+ aws s3 ls s3://mft-storage-bucket-9l4jkoc0ptuv/status_misc/competence_7b.done
+ ok=0
+ [[ 0 == 1 ]]
+ ((  t >= max  ))
+ sleep 120
+ t=100
+ :
+ local ok=1
+ for p in '"$@"'
+ s3has status_misc/competence_7b.done
+ aws s3 ls s3://mft-storage-bucket-9l4jkoc0ptuv/status_misc/competence_7b.done
+ ok=0
+ [[ 0 == 1 ]]
+ ((  t >= max  ))
+ sleep 120
+ t=102
+ :
+ local ok=1
+ for p in '"$@"'
+ s3has status_misc/competence_7b.done
+ aws s3 ls s3://mft-storage-bucket-9l4jkoc0ptuv/status_misc/competence_7b.done
+ ok=0
+ [[ 0 == 1 ]]
+ ((  t >= max  ))
+ sleep 120
+ t=104
+ :
+ local ok=1
+ for p in '"$@"'
+ s3has status_misc/competence_7b.done
+ aws s3 ls s3://mft-storage-bucket-9l4jkoc0ptuv/status_misc/competence_7b.done
+ ok=0
+ [[ 0 == 1 ]]
+ ((  t >= max  ))
+ sleep 120
+ t=106
+ :
+ local ok=1
+ for p in '"$@"'
+ s3has status_misc/competence_7b.done
+ aws s3 ls s3://mft-storage-bucket-9l4jkoc0ptuv/status_misc/competence_7b.done
+ ok=0
+ [[ 0 == 1 ]]
+ ((  t >= max  ))
+ sleep 120
+ t=108
+ :
+ local ok=1
+ for p in '"$@"'
+ s3has status_misc/competence_7b.done
+ aws s3 ls s3://mft-storage-bucket-9l4jkoc0ptuv/status_misc/competence_7b.done
+ ok=0
+ [[ 0 == 1 ]]
+ ((  t >= max  ))
+ sleep 120
+ t=110
+ :
+ local ok=1
+ for p in '"$@"'
+ s3has status_misc/competence_7b.done
+ aws s3 ls s3://mft-storage-bucket-9l4jkoc0ptuv/status_misc/competence_7b.done
+ ok=0
+ [[ 0 == 1 ]]
+ ((  t >= max  ))
+ sleep 120
+ t=112
+ :
+ local ok=1
+ for p in '"$@"'
+ s3has status_misc/competence_7b.done
+ aws s3 ls s3://mft-storage-bucket-9l4jkoc0ptuv/status_misc/competence_7b.done
+ ok=0
+ [[ 0 == 1 ]]
+ ((  t >= max  ))
+ sleep 120
+ t=114
+ :
+ local ok=1
+ for p in '"$@"'
+ s3has status_misc/competence_7b.done
+ aws s3 ls s3://mft-storage-bucket-9l4jkoc0ptuv/status_misc/competence_7b.done
+ ok=0
+ [[ 0 == 1 ]]
+ ((  t >= max  ))
+ sleep 120
+ t=116
+ :
+ local ok=1
+ for p in '"$@"'
+ s3has status_misc/competence_7b.done
+ aws s3 ls s3://mft-storage-bucket-9l4jkoc0ptuv/status_misc/competence_7b.done
+ ok=0
+ [[ 0 == 1 ]]
+ ((  t >= max  ))
+ sleep 120
+ t=118
+ :
+ local ok=1
+ for p in '"$@"'
+ s3has status_misc/competence_7b.done
+ aws s3 ls s3://mft-storage-bucket-9l4jkoc0ptuv/status_misc/competence_7b.done
+ ok=0
+ [[ 0 == 1 ]]
+ ((  t >= max  ))
+ sleep 120
+ t=120
+ :
+ local ok=1
+ for p in '"$@"'
+ s3has status_misc/competence_7b.done
+ aws s3 ls s3://mft-storage-bucket-9l4jkoc0ptuv/status_misc/competence_7b.done
+ ok=0
+ [[ 0 == 1 ]]
+ ((  t >= max  ))
+ sleep 120
+ t=122
+ :
+ local ok=1
+ for p in '"$@"'
+ s3has status_misc/competence_7b.done
+ aws s3 ls s3://mft-storage-bucket-9l4jkoc0ptuv/status_misc/competence_7b.done
+ ok=0
+ [[ 0 == 1 ]]
+ ((  t >= max  ))
+ sleep 120
+ t=124
+ :
+ local ok=1
+ for p in '"$@"'
+ s3has status_misc/competence_7b.done
+ aws s3 ls s3://mft-storage-bucket-9l4jkoc0ptuv/status_misc/competence_7b.done
+ ok=0
+ [[ 0 == 1 ]]
+ ((  t >= max  ))
+ sleep 120
+ t=126
+ :
+ local ok=1
+ for p in '"$@"'
+ s3has status_misc/competence_7b.done
+ aws s3 ls s3://mft-storage-bucket-9l4jkoc0ptuv/status_misc/competence_7b.done
+ ok=0
+ [[ 0 == 1 ]]
+ ((  t >= max  ))
+ sleep 120
+ t=128
+ :
+ local ok=1
+ for p in '"$@"'
+ s3has status_misc/competence_7b.done
+ aws s3 ls s3://mft-storage-bucket-9l4jkoc0ptuv/status_misc/competence_7b.done
+ ok=0
+ [[ 0 == 1 ]]
+ ((  t >= max  ))
+ sleep 120
+ t=130
+ :
+ local ok=1
+ for p in '"$@"'
+ s3has status_misc/competence_7b.done
+ aws s3 ls s3://mft-storage-bucket-9l4jkoc0ptuv/status_misc/competence_7b.done
+ [[ 1 == 1 ]]
+ return 0
+ log 'pod 3 done'
++ date +%H:%M
+ echo '22:16 pod 3 done'
22:16 pod 3 done
+ stop_pod wrpzbnjlzj122a
+ curl -sS -X POST -H 'Authorization: Bearer <REDACTED>' https://rest.runpod.io/v1/pods/wrpzbnjlzj122a/stop -o /dev/null -w 'stop wrpzbnjlzj122a: HTTP %{http_code}\n'
stop wrpzbnjlzj122a: HTTP 200
